2018-11-30 18:04:23.237 [main] INFO  com.sgic.leavesystem.util.Log >> ********************************************
2018-11-30 18:04:23.275 [main] INFO  com.sgic.leavesystem.util.Log >> ************** Start Test Case *************
2018-11-30 18:04:23.275 [main] INFO  com.sgic.leavesystem.util.Log >> ********************************************
2018-11-30 18:04:23.628 [main] INFO  com.sgic.leavesystem.test.LoginTest >> ********* Entered username **********
2018-11-30 18:04:23.808 [main] INFO  com.sgic.leavesystem.test.LoginTest >> ********* Entered password **********
2018-11-30 18:04:26.308 [main] INFO  com.sgic.leavesystem.test.LoginTest >> ********* Login button clicked **********
2018-11-30 18:04:30.256 [main] ERROR com.sgic.leavesystem.test.LoginTest >> Failed to find mesasge. 
Screenshot file: 2018-11-30_18:04:29.jpg
2018-11-30 18:04:31.207 [main] INFO  com.sgic.leavesystem.util.Log >> ********************************************
2018-11-30 18:04:31.207 [main] INFO  com.sgic.leavesystem.util.Log >> ************** End Test Case *************
2018-11-30 18:04:31.208 [main] INFO  com.sgic.leavesystem.util.Log >> ********************************************
2018-11-30 18:04:31.677 [main] INFO  com.sgic.leavesystem.util.Log >> ********************************************
2018-11-30 18:04:31.677 [main] INFO  com.sgic.leavesystem.util.Log >> ************** Start Test Case *************
2018-11-30 18:04:31.678 [main] INFO  com.sgic.leavesystem.util.Log >> ********************************************
2018-11-30 18:04:31.938 [main] INFO  com.sgic.leavesystem.test.LoginTest >> ********* Entered username **********
2018-11-30 18:04:32.193 [main] INFO  com.sgic.leavesystem.test.LoginTest >> ********* Entered password **********
2018-11-30 18:04:34.078 [main] INFO  com.sgic.leavesystem.test.LoginTest >> ********* Login button clicked **********
2018-11-30 18:04:37.636 [main] ERROR com.sgic.leavesystem.test.LoginTest >> Failed to find mesasge. 
Screenshot file: 2018-11-30_18:04:37.jpg
2018-11-30 18:04:38.614 [main] INFO  com.sgic.leavesystem.util.Log >> ********************************************
2018-11-30 18:04:38.614 [main] INFO  com.sgic.leavesystem.util.Log >> ************** End Test Case *************
2018-11-30 18:04:38.614 [main] INFO  com.sgic.leavesystem.util.Log >> ********************************************
2018-11-30 18:04:39.105 [main] INFO  com.sgic.leavesystem.util.Log >> ********************************************
2018-11-30 18:04:39.105 [main] INFO  com.sgic.leavesystem.util.Log >> ************** Start Test Case *************
2018-11-30 18:04:39.106 [main] INFO  com.sgic.leavesystem.util.Log >> ********************************************
2018-11-30 18:04:39.444 [main] INFO  com.sgic.leavesystem.test.LoginTest >> ********* Entered username **********
2018-11-30 18:04:39.627 [main] INFO  com.sgic.leavesystem.test.LoginTest >> ********* Entered password **********
2018-11-30 18:04:40.967 [main] INFO  com.sgic.leavesystem.test.LoginTest >> ********* Login button clicked **********
2018-11-30 18:04:42.212 [main] INFO  com.sgic.leavesystem.util.Log >> ********************************************
2018-11-30 18:04:42.212 [main] INFO  com.sgic.leavesystem.util.Log >> ************** Start Test Case *************
2018-11-30 18:04:42.213 [main] INFO  com.sgic.leavesystem.util.Log >> ********************************************
2018-11-30 18:04:42.543 [main] INFO  com.sgic.leavesystem.test.LoginTest >> ********* Entered username **********
2018-11-30 18:04:42.718 [main] INFO  com.sgic.leavesystem.test.LoginTest >> ********* Entered password **********
2018-11-30 18:04:43.450 [main] INFO  com.sgic.leavesystem.test.LoginTest >> ********* Login button clicked **********
